Using pre-set license
Built from '6000.0/staging' branch; Version is '6000.0.37f1 (090b7797214c) revision 592759'; Using compiler version '193933523'; Build Type 'Release'
OS: 'Windows 11  (10.0.26100) 64bit Professional' Language: 'es' Physical Memory: 32175 MB
BatchMode: 1, IsHumanControllingUs: 0, StartBugReporterOnCrash: 0, Is64bit: 1, IsPro: 1

COMMAND LINE ARGUMENTS:
C:\Program Files\Unity\Hub\Editor\6000.0.37f1\Editor\Unity.exe
-adb2
-batchMode
-noUpm
-name
AssetImportWorker1
-projectPath
C:/Users/angul/Desktop/Juego motores/PutandWork/Put and Work
-logFile
Logs/AssetImportWorker1.log
-srvPort
54971
-job-worker-count
7
-background-job-worker-count
8
-gc-helper-count
1
Successfully changed project path to: C:/Users/angul/Desktop/Juego motores/PutandWork/Put and Work
C:/Users/angul/Desktop/Juego motores/PutandWork/Put and Work
[UnityMemory] Configuration Parameters - Can be set up in boot.config
    "memorysetup-bucket-allocator-granularity=16"
    "memorysetup-bucket-allocator-bucket-count=8"
    "memorysetup-bucket-allocator-block-size=33554432"
    "memorysetup-bucket-allocator-block-count=8"
    "memorysetup-main-allocator-block-size=16777216"
    "memorysetup-thread-allocator-block-size=16777216"
    "memorysetup-gfx-main-allocator-block-size=16777216"
    "memorysetup-gfx-thread-allocator-block-size=16777216"
    "memorysetup-cache-allocator-block-size=4194304"
    "memorysetup-typetree-allocator-block-size=2097152"
    "memorysetup-profiler-bucket-allocator-granularity=16"
    "memorysetup-profiler-bucket-allocator-bucket-count=8"
    "memorysetup-profiler-bucket-allocator-block-size=33554432"
    "memorysetup-profiler-bucket-allocator-block-count=8"
    "memorysetup-profiler-allocator-block-size=16777216"
    "memorysetup-profiler-editor-allocator-block-size=1048576"
    "memorysetup-temp-allocator-size-main=16777216"
    "memorysetup-job-temp-allocator-block-size=2097152"
    "memorysetup-job-temp-allocator-block-size-background=1048576"
    "memorysetup-job-temp-allocator-reduction-small-platforms=262144"
    "memorysetup-allocator-temp-initial-block-size-main=262144"
    "memorysetup-allocator-temp-initial-block-size-worker=262144"
    "memorysetup-temp-allocator-size-background-worker=32768"
    "memorysetup-temp-allocator-size-job-worker=262144"
    "memorysetup-temp-allocator-size-preload-manager=33554432"
    "memorysetup-temp-allocator-size-nav-mesh-worker=65536"
    "memorysetup-temp-allocator-size-audio-worker=65536"
    "memorysetup-temp-allocator-size-cloud-worker=32768"
    "memorysetup-temp-allocator-size-gi-baking-worker=262144"
    "memorysetup-temp-allocator-size-gi-baking-worker=262144"
    "memorysetup-temp-allocator-size-gi-baking-worker=262144"
    "memorysetup-temp-allocator-size-gi-baking-worker=262144"
    "memorysetup-temp-allocator-size-gi-baking-worker=262144"
    "memorysetup-temp-allocator-size-gfx=262144"
Player connection [14692]  Target information:

Player connection [14692]  * "[IP] 192.168.1.170 [Port] 0 [Flags] 2 [Guid] 1311414411 [EditorId] 1311414411 [Version] 1048832 [Id] WindowsEditor(7,SAG) [Debug] 1 [PackageName] WindowsEditor [ProjectName] Editor" 

Player connection [14692] Host joined multi-casting on [225.0.0.222:54997]...
Player connection [14692] Host joined alternative multi-casting on [225.0.0.222:34997]...
JobSystem: Creating JobQueue using job-worker-count value 7
Input System module state changed to: Initialized.
[Physics::Module] Initialized fallback backend.
[Physics::Module] Id: 0xdecafbad
Library Redirect Path: Library/
[Physics::Module] Selected backend.
[Physics::Module] Name: PhysX
[Physics::Module] Id: 0xf2b8ea05
[Physics::Module] SDK Version: 4.1.2
[Physics::Module] Integration Version: 1.0.0
[Physics::Module] Threading Mode: Multi-Threaded
Refreshing native plugins compatible for Editor in 6.69 ms, found 3 plugins.
Preloading 0 native plugins for Editor in 0.00 ms.
Initialize engine version: 6000.0.37f1 (090b7797214c)
[Subsystems] Discovering subsystems at path C:/Program Files/Unity/Hub/Editor/6000.0.37f1/Editor/Data/Resources/UnitySubsystems
[Subsystems] Discovering subsystems at path C:/Users/angul/Desktop/Juego motores/PutandWork/Put and Work/Assets
GfxDevice: creating device client; kGfxThreadingModeNonThreaded
Direct3D:
    Version:  Direct3D 11.0 [level 11.1]
    Renderer: NVIDIA GeForce RTX 3070 Laptop GPU (ID=0x249d)
    Vendor:   NVIDIA
    VRAM:     8020 MB
    Driver:   32.0.15.6607
Initialize mono
Mono path[0] = 'C:/Program Files/Unity/Hub/Editor/6000.0.37f1/Editor/Data/Managed'
Mono path[1] = 'C:/Program Files/Unity/Hub/Editor/6000.0.37f1/Editor/Data/MonoBleedingEdge/lib/mono/unityjit-win32'
Mono config path = 'C:/Program Files/Unity/Hub/Editor/6000.0.37f1/Editor/Data/MonoBleedingEdge/etc'
Using monoOptions --debugger-agent=transport=dt_socket,embedding=1,server=y,suspend=n,address=127.0.0.1:56656
Begin MonoManager ReloadAssembly
Registering precompiled unity dll's ...
Register platform support module: C:/Program Files/Unity/Hub/Editor/6000.0.37f1/Editor/Data/PlaybackEngines/WindowsStandaloneSupport/UnityEditor.WindowsStandalone.Extensions.dll
Registered in 0.003129 seconds.
- Loaded All Assemblies, in  0.489 seconds
Native extension for WindowsStandalone target not found
Mono: successfully reloaded assembly
- Finished resetting the current domain, in  0.397 seconds
Domain Reload Profiling: 884ms
	BeginReloadAssembly (165ms)
		ExecutionOrderSort (0ms)
		DisableScriptedObjects (0ms)
		BackupInstance (0ms)
		ReleaseScriptingObjects (0ms)
		CreateAndSetChildDomain (1ms)
	RebuildCommonClasses (47ms)
	RebuildNativeTypeToScriptingClass (14ms)
	initialDomainReloadingComplete (63ms)
	LoadAllAssembliesAndSetupDomain (198ms)
		LoadAssemblies (162ms)
		RebuildTransferFunctionScriptingTraits (0ms)
		AnalyzeDomain (194ms)
			TypeCache.Refresh (192ms)
				TypeCache.ScanAssembly (171ms)
			BuildScriptInfoCaches (0ms)
			ResolveRequiredComponents (1ms)
	FinalizeReload (398ms)
		ReleaseScriptCaches (0ms)
		RebuildScriptCaches (0ms)
		SetupLoadedEditorAssemblies (333ms)
			LogAssemblyErrors (0ms)
			InitializePlatformSupportModulesInManaged (31ms)
			SetLoadedEditorAssemblies (6ms)
			BeforeProcessingInitializeOnLoad (71ms)
			ProcessInitializeOnLoadAttributes (163ms)
			ProcessInitializeOnLoadMethodAttributes (62ms)
			AfterProcessingInitializeOnLoad (0ms)
			EditorAssembliesLoaded (0ms)
		ExecutionOrderSort2 (0ms)
		AwakeInstancesAfterBackupRestoration (0ms)
========================================================================
Worker process is ready to serve import requests
Import Worker Mode flag is 0x00
Begin MonoManager ReloadAssembly
Symbol file LoadedFromMemory is not a mono symbol file
- Loaded All Assemblies, in  0.953 seconds
Refreshing native plugins compatible for Editor in 5.35 ms, found 3 plugins.
Native extension for WindowsStandalone target not found
Refreshing native plugins compatible for Editor in 4.86 ms, found 3 plugins.
Mono: successfully reloaded assembly
- Finished resetting the current domain, in  0.878 seconds
Domain Reload Profiling: 1826ms
	BeginReloadAssembly (187ms)
		ExecutionOrderSort (0ms)
		DisableScriptedObjects (7ms)
		BackupInstance (0ms)
		ReleaseScriptingObjects (0ms)
		CreateAndSetChildDomain (45ms)
	RebuildCommonClasses (38ms)
	RebuildNativeTypeToScriptingClass (12ms)
	initialDomainReloadingComplete (43ms)
	LoadAllAssembliesAndSetupDomain (667ms)
		LoadAssemblies (484ms)
		RebuildTransferFunctionScriptingTraits (0ms)
		AnalyzeDomain (284ms)
			TypeCache.Refresh (205ms)
				TypeCache.ScanAssembly (187ms)
			BuildScriptInfoCaches (65ms)
			ResolveRequiredComponents (10ms)
	FinalizeReload (879ms)
		ReleaseScriptCaches (0ms)
		RebuildScriptCaches (0ms)
		SetupLoadedEditorAssemblies (715ms)
			LogAssemblyErrors (0ms)
			InitializePlatformSupportModulesInManaged (2ms)
			SetLoadedEditorAssemblies (5ms)
			BeforeProcessingInitializeOnLoad (124ms)
			ProcessInitializeOnLoadAttributes (360ms)
			ProcessInitializeOnLoadMethodAttributes (219ms)
			AfterProcessingInitializeOnLoad (5ms)
			EditorAssembliesLoaded (0ms)
		ExecutionOrderSort2 (0ms)
		AwakeInstancesAfterBackupRestoration (8ms)
Launched and connected shader compiler UnityShaderCompiler.exe after 0.02 seconds
Refreshing native plugins compatible for Editor in 5.17 ms, found 3 plugins.
Preloading 0 native plugins for Editor in 0.00 ms.
Unloading 239 Unused Serialized files (Serialized files now loaded: 0)
Unloading 7023 unused Assets / (9.6 MB). Loaded Objects now: 7648.
Memory consumption went from 172.9 MB to 163.3 MB.
Total: 15.370200 ms (FindLiveObjects: 0.744100 ms CreateObjectMapping: 1.012300 ms MarkObjects: 8.899300 ms  DeleteObjects: 4.713900 ms)

========================================================================
Received Import Request.
  Time since last request: 38239.253618 seconds.
  path: Assets/Sergio Assets/Office Supplies Low Poly/Assets/Prefabs/Eraser.prefab
  artifactKey: Guid(87332db484d7e492aa5fa22bea62c7ae) Importer(815301076,1909f56bfc062723c751e8b465ee728b)
Start importing Assets/Sergio Assets/Office Supplies Low Poly/Assets/Prefabs/Eraser.prefab using Guid(87332db484d7e492aa5fa22bea62c7ae) Importer(815301076,1909f56bfc062723c751e8b465ee728b) (PreviewImporter) -> (artifact id: 'a6a72e2f0d6b71bb2dcb34a332e3a559') in 0.5740742 seconds
Number of updated asset objects reloaded before import = 0Number of asset objects unloaded after import = 12

========================================================================
Received Import Request.
  Time since last request: 0.000027 seconds.
  path: Assets/Sergio Assets/Office Supplies Low Poly/Assets/Prefabs/Pencil black.prefab
  artifactKey: Guid(9de55d3d054694bd884723a80b836955) Importer(815301076,1909f56bfc062723c751e8b465ee728b)
Start importing Assets/Sergio Assets/Office Supplies Low Poly/Assets/Prefabs/Pencil black.prefab using Guid(9de55d3d054694bd884723a80b836955) Importer(815301076,1909f56bfc062723c751e8b465ee728b) (PreviewImporter) -> (artifact id: '39d9a80a91911aa8bcfcf27075003367') in 0.0209154 seconds
Number of updated asset objects reloaded before import = 0Number of asset objects unloaded after import = 9

========================================================================
Received Import Request.
  Time since last request: 0.000038 seconds.
  path: Assets/Sergio Assets/Office Supplies Low Poly/Assets/Prefabs/Pencil yellow.prefab
  artifactKey: Guid(680cc712cb55643a38fb5bec71bcc683) Importer(815301076,1909f56bfc062723c751e8b465ee728b)
Start importing Assets/Sergio Assets/Office Supplies Low Poly/Assets/Prefabs/Pencil yellow.prefab using Guid(680cc712cb55643a38fb5bec71bcc683) Importer(815301076,1909f56bfc062723c751e8b465ee728b) (PreviewImporter) -> (artifact id: 'e61fb9de457c9c2ab697a3a632a79a77') in 0.0201723 seconds
Number of updated asset objects reloaded before import = 0Number of asset objects unloaded after import = 9

========================================================================
Received Import Request.
  Time since last request: 0.000027 seconds.
  path: Assets/Sergio Assets/Office Supplies Low Poly/Assets/Prefabs/Legal_pad.prefab
  artifactKey: Guid(b20b5222bdd4e455fbef4fbcce87d19c) Importer(815301076,1909f56bfc062723c751e8b465ee728b)
Start importing Assets/Sergio Assets/Office Supplies Low Poly/Assets/Prefabs/Legal_pad.prefab using Guid(b20b5222bdd4e455fbef4fbcce87d19c) Importer(815301076,1909f56bfc062723c751e8b465ee728b) (PreviewImporter) -> (artifact id: '50bcb2d04c6590a71bce0fde57323339') in 0.0245572 seconds
Number of updated asset objects reloaded before import = 0Number of asset objects unloaded after import = 9

========================================================================
Received Import Request.
  Time since last request: 0.000033 seconds.
  path: Assets/Sergio Assets/Office Supplies Low Poly/Assets/Prefabs/Pen blue.prefab
  artifactKey: Guid(a85ac51e8240148b590aefe2dcd253f6) Importer(815301076,1909f56bfc062723c751e8b465ee728b)
Start importing Assets/Sergio Assets/Office Supplies Low Poly/Assets/Prefabs/Pen blue.prefab using Guid(a85ac51e8240148b590aefe2dcd253f6) Importer(815301076,1909f56bfc062723c751e8b465ee728b) (PreviewImporter) -> (artifact id: 'd41767d30fc0b50d61b9c7a58cc6e4e6') in 0.020123 seconds
Number of updated asset objects reloaded before import = 0Number of asset objects unloaded after import = 16

========================================================================
Received Import Request.
  Time since last request: 0.000024 seconds.
  path: Assets/Sergio Assets/Office Supplies Low Poly/Assets/Prefabs/Scissors black.prefab
  artifactKey: Guid(07f9048ddafe046b893ea5846d9de1f4) Importer(815301076,1909f56bfc062723c751e8b465ee728b)
Start importing Assets/Sergio Assets/Office Supplies Low Poly/Assets/Prefabs/Scissors black.prefab using Guid(07f9048ddafe046b893ea5846d9de1f4) Importer(815301076,1909f56bfc062723c751e8b465ee728b) (PreviewImporter) -> (artifact id: '6db0cef6942ddf2f00ed7528c0390aeb') in 0.019185 seconds
Number of updated asset objects reloaded before import = 0Number of asset objects unloaded after import = 16

========================================================================
Received Import Request.
  Time since last request: 0.000030 seconds.
  path: Assets/Sergio Assets/Office Supplies Low Poly/Assets/Prefabs/Highlighter pen pink.prefab
  artifactKey: Guid(6668c50ebd12547d9a9d689bd28fd624) Importer(815301076,1909f56bfc062723c751e8b465ee728b)
Start importing Assets/Sergio Assets/Office Supplies Low Poly/Assets/Prefabs/Highlighter pen pink.prefab using Guid(6668c50ebd12547d9a9d689bd28fd624) Importer(815301076,1909f56bfc062723c751e8b465ee728b) (PreviewImporter) -> (artifact id: 'b42a29951bc5fc8e3e8e740973426bda') in 0.0231891 seconds
Number of updated asset objects reloaded before import = 0Number of asset objects unloaded after import = 16

========================================================================
Received Import Request.
  Time since last request: 0.000035 seconds.
  path: Assets/Sergio Assets/Office Supplies Low Poly/Assets/Prefabs/Sticky_note_green.prefab
  artifactKey: Guid(678004df39bc84cb7ab05ea3306e7d6a) Importer(815301076,1909f56bfc062723c751e8b465ee728b)
Start importing Assets/Sergio Assets/Office Supplies Low Poly/Assets/Prefabs/Sticky_note_green.prefab using Guid(678004df39bc84cb7ab05ea3306e7d6a) Importer(815301076,1909f56bfc062723c751e8b465ee728b) (PreviewImporter) -> (artifact id: '9bcfe374ec53216ad3d17b6e644f8d83') in 0.0187106 seconds
Number of updated asset objects reloaded before import = 0Number of asset objects unloaded after import = 9

========================================================================
Received Import Request.
  Time since last request: 0.000025 seconds.
  path: Assets/Sergio Assets/Office Supplies Low Poly/Assets/Prefabs/Pen black.prefab
  artifactKey: Guid(b2ba957224087475eb7804e492ea272e) Importer(815301076,1909f56bfc062723c751e8b465ee728b)
Start importing Assets/Sergio Assets/Office Supplies Low Poly/Assets/Prefabs/Pen black.prefab using Guid(b2ba957224087475eb7804e492ea272e) Importer(815301076,1909f56bfc062723c751e8b465ee728b) (PreviewImporter) -> (artifact id: '0682acb81c5a4251f6b9c1bcd5de63c7') in 0.0205043 seconds
Number of updated asset objects reloaded before import = 0Number of asset objects unloaded after import = 16

Editor requested this worker to shutdown with reason: Scaling down because of idle timeout
AssetImportWorker is now disconnected from the server
Process exiting
Exiting without the bug reporter. Application will terminate with return code 0