Using pre-set license
Built from '6000.0/staging' branch; Version is '6000.0.37f1 (090b7797214c) revision 592759'; Using compiler version '193933523'; Build Type 'Release'
OS: 'Windows 11  (10.0.26100) 64bit Professional' Language: 'es' Physical Memory: 32175 MB
BatchMode: 1, IsHumanControllingUs: 0, StartBugReporterOnCrash: 0, Is64bit: 1, IsPro: 1

COMMAND LINE ARGUMENTS:
C:\Program Files\Unity\Hub\Editor\6000.0.37f1\Editor\Unity.exe
-adb2
-batchMode
-noUpm
-name
AssetImportWorker0
-projectPath
C:/Users/angul/Desktop/Juego motores/PutandWork/Put and Work
-logFile
Logs/AssetImportWorker0.log
-srvPort
54971
-job-worker-count
7
-background-job-worker-count
8
-gc-helper-count
1
Successfully changed project path to: C:/Users/angul/Desktop/Juego motores/PutandWork/Put and Work
C:/Users/angul/Desktop/Juego motores/PutandWork/Put and Work
[UnityMemory] Configuration Parameters - Can be set up in boot.config
    "memorysetup-bucket-allocator-granularity=16"
    "memorysetup-bucket-allocator-bucket-count=8"
    "memorysetup-bucket-allocator-block-size=33554432"
    "memorysetup-bucket-allocator-block-count=8"
    "memorysetup-main-allocator-block-size=16777216"
    "memorysetup-thread-allocator-block-size=16777216"
    "memorysetup-gfx-main-allocator-block-size=16777216"
    "memorysetup-gfx-thread-allocator-block-size=16777216"
    "memorysetup-cache-allocator-block-size=4194304"
    "memorysetup-typetree-allocator-block-size=2097152"
    "memorysetup-profiler-bucket-allocator-granularity=16"
    "memorysetup-profiler-bucket-allocator-bucket-count=8"
    "memorysetup-profiler-bucket-allocator-block-size=33554432"
    "memorysetup-profiler-bucket-allocator-block-count=8"
    "memorysetup-profiler-allocator-block-size=16777216"
    "memorysetup-profiler-editor-allocator-block-size=1048576"
    "memorysetup-temp-allocator-size-main=16777216"
    "memorysetup-job-temp-allocator-block-size=2097152"
    "memorysetup-job-temp-allocator-block-size-background=1048576"
    "memorysetup-job-temp-allocator-reduction-small-platforms=262144"
    "memorysetup-allocator-temp-initial-block-size-main=262144"
    "memorysetup-allocator-temp-initial-block-size-worker=262144"
    "memorysetup-temp-allocator-size-background-worker=32768"
    "memorysetup-temp-allocator-size-job-worker=262144"
    "memorysetup-temp-allocator-size-preload-manager=33554432"
    "memorysetup-temp-allocator-size-nav-mesh-worker=65536"
    "memorysetup-temp-allocator-size-audio-worker=65536"
    "memorysetup-temp-allocator-size-cloud-worker=32768"
    "memorysetup-temp-allocator-size-gi-baking-worker=262144"
    "memorysetup-temp-allocator-size-gi-baking-worker=262144"
    "memorysetup-temp-allocator-size-gi-baking-worker=262144"
    "memorysetup-temp-allocator-size-gi-baking-worker=262144"
    "memorysetup-temp-allocator-size-gi-baking-worker=262144"
    "memorysetup-temp-allocator-size-gfx=262144"
Player connection [6600]  Target information:

Player connection [6600]  * "[IP] 192.168.1.170 [Port] 0 [Flags] 2 [Guid] 2300306443 [EditorId] 2300306443 [Version] 1048832 [Id] WindowsEditor(7,SAG) [Debug] 1 [PackageName] WindowsEditor [ProjectName] Editor" 

Player connection [6600] Host joined multi-casting on [225.0.0.222:54997]...
Player connection [6600] Host joined alternative multi-casting on [225.0.0.222:34997]...
JobSystem: Creating JobQueue using job-worker-count value 7
Input System module state changed to: Initialized.
[Physics::Module] Initialized fallback backend.
[Physics::Module] Id: 0xdecafbad
Library Redirect Path: Library/
[Physics::Module] Selected backend.
[Physics::Module] Name: PhysX
[Physics::Module] Id: 0xf2b8ea05
[Physics::Module] SDK Version: 4.1.2
[Physics::Module] Integration Version: 1.0.0
[Physics::Module] Threading Mode: Multi-Threaded
Refreshing native plugins compatible for Editor in 5.92 ms, found 3 plugins.
Preloading 0 native plugins for Editor in 0.00 ms.
Initialize engine version: 6000.0.37f1 (090b7797214c)
[Subsystems] Discovering subsystems at path C:/Program Files/Unity/Hub/Editor/6000.0.37f1/Editor/Data/Resources/UnitySubsystems
[Subsystems] Discovering subsystems at path C:/Users/angul/Desktop/Juego motores/PutandWork/Put and Work/Assets
GfxDevice: creating device client; kGfxThreadingModeNonThreaded
Direct3D:
    Version:  Direct3D 11.0 [level 11.1]
    Renderer: NVIDIA GeForce RTX 3070 Laptop GPU (ID=0x249d)
    Vendor:   NVIDIA
    VRAM:     8020 MB
    Driver:   32.0.15.6607
Initialize mono
Mono path[0] = 'C:/Program Files/Unity/Hub/Editor/6000.0.37f1/Editor/Data/Managed'
Mono path[1] = 'C:/Program Files/Unity/Hub/Editor/6000.0.37f1/Editor/Data/MonoBleedingEdge/lib/mono/unityjit-win32'
Mono config path = 'C:/Program Files/Unity/Hub/Editor/6000.0.37f1/Editor/Data/MonoBleedingEdge/etc'
Using monoOptions --debugger-agent=transport=dt_socket,embedding=1,server=y,suspend=n,address=127.0.0.1:56560
Begin MonoManager ReloadAssembly
Registering precompiled unity dll's ...
Register platform support module: C:/Program Files/Unity/Hub/Editor/6000.0.37f1/Editor/Data/PlaybackEngines/WindowsStandaloneSupport/UnityEditor.WindowsStandalone.Extensions.dll
Registered in 0.005156 seconds.
- Loaded All Assemblies, in  0.480 seconds
Native extension for WindowsStandalone target not found
Mono: successfully reloaded assembly
- Finished resetting the current domain, in  0.406 seconds
Domain Reload Profiling: 884ms
	BeginReloadAssembly (147ms)
		ExecutionOrderSort (0ms)
		DisableScriptedObjects (0ms)
		BackupInstance (0ms)
		ReleaseScriptingObjects (0ms)
		CreateAndSetChildDomain (1ms)
	RebuildCommonClasses (46ms)
	RebuildNativeTypeToScriptingClass (11ms)
	initialDomainReloadingComplete (64ms)
	LoadAllAssembliesAndSetupDomain (210ms)
		LoadAssemblies (144ms)
		RebuildTransferFunctionScriptingTraits (0ms)
		AnalyzeDomain (206ms)
			TypeCache.Refresh (204ms)
				TypeCache.ScanAssembly (185ms)
			BuildScriptInfoCaches (0ms)
			ResolveRequiredComponents (1ms)
	FinalizeReload (407ms)
		ReleaseScriptCaches (0ms)
		RebuildScriptCaches (0ms)
		SetupLoadedEditorAssemblies (348ms)
			LogAssemblyErrors (0ms)
			InitializePlatformSupportModulesInManaged (32ms)
			SetLoadedEditorAssemblies (6ms)
			BeforeProcessingInitializeOnLoad (71ms)
			ProcessInitializeOnLoadAttributes (178ms)
			ProcessInitializeOnLoadMethodAttributes (61ms)
			AfterProcessingInitializeOnLoad (0ms)
			EditorAssembliesLoaded (0ms)
		ExecutionOrderSort2 (0ms)
		AwakeInstancesAfterBackupRestoration (0ms)
========================================================================
Worker process is ready to serve import requests
Import Worker Mode flag is 0x00
Begin MonoManager ReloadAssembly
Symbol file LoadedFromMemory is not a mono symbol file
- Loaded All Assemblies, in  0.949 seconds
Refreshing native plugins compatible for Editor in 4.95 ms, found 3 plugins.
Native extension for WindowsStandalone target not found
Refreshing native plugins compatible for Editor in 5.19 ms, found 3 plugins.
Mono: successfully reloaded assembly
- Finished resetting the current domain, in  0.859 seconds
Domain Reload Profiling: 1802ms
	BeginReloadAssembly (183ms)
		ExecutionOrderSort (0ms)
		DisableScriptedObjects (7ms)
		BackupInstance (0ms)
		ReleaseScriptingObjects (0ms)
		CreateAndSetChildDomain (39ms)
	RebuildCommonClasses (39ms)
	RebuildNativeTypeToScriptingClass (10ms)
	initialDomainReloadingComplete (41ms)
	LoadAllAssembliesAndSetupDomain (670ms)
		LoadAssemblies (497ms)
		RebuildTransferFunctionScriptingTraits (0ms)
		AnalyzeDomain (278ms)
			TypeCache.Refresh (195ms)
				TypeCache.ScanAssembly (176ms)
			BuildScriptInfoCaches (71ms)
			ResolveRequiredComponents (9ms)
	FinalizeReload (859ms)
		ReleaseScriptCaches (0ms)
		RebuildScriptCaches (0ms)
		SetupLoadedEditorAssemblies (700ms)
			LogAssemblyErrors (0ms)
			InitializePlatformSupportModulesInManaged (2ms)
			SetLoadedEditorAssemblies (5ms)
			BeforeProcessingInitializeOnLoad (114ms)
			ProcessInitializeOnLoadAttributes (366ms)
			ProcessInitializeOnLoadMethodAttributes (205ms)
			AfterProcessingInitializeOnLoad (6ms)
			EditorAssembliesLoaded (0ms)
		ExecutionOrderSort2 (0ms)
		AwakeInstancesAfterBackupRestoration (8ms)
Launched and connected shader compiler UnityShaderCompiler.exe after 0.01 seconds
Refreshing native plugins compatible for Editor in 5.82 ms, found 3 plugins.
Preloading 0 native plugins for Editor in 0.00 ms.
Unloading 239 Unused Serialized files (Serialized files now loaded: 0)
Unloading 7023 unused Assets / (10.1 MB). Loaded Objects now: 7648.
Memory consumption went from 172.9 MB to 162.8 MB.
Total: 18.034300 ms (FindLiveObjects: 1.041500 ms CreateObjectMapping: 1.025900 ms MarkObjects: 10.415300 ms  DeleteObjects: 5.550300 ms)

========================================================================
Received Import Request.
  Time since last request: 37997.423803 seconds.
  path: Assets/Scenes/SergioScene.unity
  artifactKey: Guid(62315b6b8c120894793a03b184f40164) Importer(815301076,1909f56bfc062723c751e8b465ee728b)
Start importing Assets/Scenes/SergioScene.unity using Guid(62315b6b8c120894793a03b184f40164) Importer(815301076,1909f56bfc062723c751e8b465ee728b) (PreviewImporter) -> (artifact id: '14cca69016b8b8a4f85defe2473515c9') in 0.0169742 seconds
Number of updated asset objects reloaded before import = 0Number of asset objects unloaded after import = 0

========================================================================
Received Import Request.
  Time since last request: 73.504563 seconds.
  path: Assets/Sergio Assets
  artifactKey: Guid(1804cd1a6ff03c943a8fdf00bf812ed3) Importer(815301076,1909f56bfc062723c751e8b465ee728b)
Start importing Assets/Sergio Assets using Guid(1804cd1a6ff03c943a8fdf00bf812ed3) Importer(815301076,1909f56bfc062723c751e8b465ee728b) (PreviewImporter) -> (artifact id: '9d69caddb8f0eb3ee65554ff8e9265b2') in 0.0005425 seconds
Number of updated asset objects reloaded before import = 0Number of asset objects unloaded after import = 0

========================================================================
Received Import Request.
  Time since last request: 37.020434 seconds.
  path: Assets/Sergio Assets/VIASS FreeCharacter Pack
  artifactKey: Guid(bfea09c5bc71b9c41b4e1b12ab64a523) Importer(815301076,1909f56bfc062723c751e8b465ee728b)
Start importing Assets/Sergio Assets/VIASS FreeCharacter Pack using Guid(bfea09c5bc71b9c41b4e1b12ab64a523) Importer(815301076,1909f56bfc062723c751e8b465ee728b) (PreviewImporter) -> (artifact id: '42b442aaf5c79db85085e9c378b6c03e') in 0.0018912 seconds
Number of updated asset objects reloaded before import = 0Number of asset objects unloaded after import = 0

========================================================================
Received Import Request.
  Time since last request: 11.715578 seconds.
  path: Assets/Future Pad Door - FREE
  artifactKey: Guid(ffc4ef1ea2edc694b8526cec8f56ed13) Importer(815301076,1909f56bfc062723c751e8b465ee728b)
Start importing Assets/Future Pad Door - FREE using Guid(ffc4ef1ea2edc694b8526cec8f56ed13) Importer(815301076,1909f56bfc062723c751e8b465ee728b) (PreviewImporter) -> (artifact id: 'ed4e4c6e97354feac30e6082ddd0ab3e') in 0.0006572 seconds
Number of updated asset objects reloaded before import = 0Number of asset objects unloaded after import = 0

========================================================================
Received Import Request.
  Time since last request: 1.097379 seconds.
  path: Assets/Future Pad Door - FREE/Assets
  artifactKey: Guid(32ca4a032990019419dd6b9fabfedc6e) Importer(815301076,1909f56bfc062723c751e8b465ee728b)
Start importing Assets/Future Pad Door - FREE/Assets using Guid(32ca4a032990019419dd6b9fabfedc6e) Importer(815301076,1909f56bfc062723c751e8b465ee728b) (PreviewImporter) -> (artifact id: 'bb44ba7a31597cd1153b0cadade20baf') in 0.0006837 seconds
Number of updated asset objects reloaded before import = 0Number of asset objects unloaded after import = 0

========================================================================
Received Import Request.
  Time since last request: 0.944159 seconds.
  path: Assets/Future Pad Door - FREE/Assets/Materials
  artifactKey: Guid(b62f197d86382784e84777608464f279) Importer(815301076,1909f56bfc062723c751e8b465ee728b)
Start importing Assets/Future Pad Door - FREE/Assets/Materials using Guid(b62f197d86382784e84777608464f279) Importer(815301076,1909f56bfc062723c751e8b465ee728b) (PreviewImporter) -> (artifact id: 'e28e76d4ae28076a92598ae272753b2a') in 0.0007574 seconds
Number of updated asset objects reloaded before import = 0Number of asset objects unloaded after import = 0

========================================================================
Received Import Request.
  Time since last request: 0.008611 seconds.
  path: Assets/Future Pad Door - FREE/Assets/Materials/Future_Door_MAT.mat
  artifactKey: Guid(ecfe1d6acedb9c84598556e5737d95de) Importer(815301076,1909f56bfc062723c751e8b465ee728b)
Start importing Assets/Future Pad Door - FREE/Assets/Materials/Future_Door_MAT.mat using Guid(ecfe1d6acedb9c84598556e5737d95de) Importer(815301076,1909f56bfc062723c751e8b465ee728b) (PreviewImporter) -> (artifact id: '3e762e0378cdcdb57baab899d3868ad8') in 0.5440159 seconds
Number of updated asset objects reloaded before import = 0Number of asset objects unloaded after import = 9

========================================================================
Received Import Request.
  Time since last request: 1.599829 seconds.
  path: Assets/Future Pad Door - FREE/Assets/Meshes
  artifactKey: Guid(560a70d9936a6464a9de9453560dc7e6) Importer(815301076,1909f56bfc062723c751e8b465ee728b)
Start importing Assets/Future Pad Door - FREE/Assets/Meshes using Guid(560a70d9936a6464a9de9453560dc7e6) Importer(815301076,1909f56bfc062723c751e8b465ee728b) (PreviewImporter) -> (artifact id: '3d37beb07889e24c59c664a8230b7a75') in 0.0006025 seconds
Number of updated asset objects reloaded before import = 0Number of asset objects unloaded after import = 0

========================================================================
Received Import Request.
  Time since last request: 0.008978 seconds.
  path: Assets/Future Pad Door - FREE/Assets/Meshes/Future_Door_Final.fbx
  artifactKey: Guid(41643e72c6ea3694bbd7059743f34966) Importer(815301076,1909f56bfc062723c751e8b465ee728b)
Start importing Assets/Future Pad Door - FREE/Assets/Meshes/Future_Door_Final.fbx using Guid(41643e72c6ea3694bbd7059743f34966) Importer(815301076,1909f56bfc062723c751e8b465ee728b) (PreviewImporter) -> (artifact id: '91818524f8001893a3f026c719363c13') in 0.1368917 seconds
Number of updated asset objects reloaded before import = 0Number of asset objects unloaded after import = 29

========================================================================
Received Import Request.
  Time since last request: 13.200173 seconds.
  path: Assets/EvSeStudio
  artifactKey: Guid(8655a3aadedada84a9cccc1bcc4afed2) Importer(815301076,1909f56bfc062723c751e8b465ee728b)
Start importing Assets/EvSeStudio using Guid(8655a3aadedada84a9cccc1bcc4afed2) Importer(815301076,1909f56bfc062723c751e8b465ee728b) (PreviewImporter) -> (artifact id: '89d072e9951f612a7dfacd0681e356b1') in 0.0007709 seconds
Number of updated asset objects reloaded before import = 0Number of asset objects unloaded after import = 0

========================================================================
Received Import Request.
  Time since last request: 1.351210 seconds.
  path: Assets/EvSeStudio/3D_Art
  artifactKey: Guid(6925ffc5886099f498d91de395f538c7) Importer(815301076,1909f56bfc062723c751e8b465ee728b)
Start importing Assets/EvSeStudio/3D_Art using Guid(6925ffc5886099f498d91de395f538c7) Importer(815301076,1909f56bfc062723c751e8b465ee728b) (PreviewImporter) -> (artifact id: '305cc6c6672a06c9f4a56b86f6de7d4e') in 0.0005763 seconds
Number of updated asset objects reloaded before import = 0Number of asset objects unloaded after import = 0

========================================================================
Received Import Request.
  Time since last request: 0.518828 seconds.
  path: Assets/EvSeStudio/3D_Art/Environment
  artifactKey: Guid(04564e53949b08448a73d1559eecbffa) Importer(815301076,1909f56bfc062723c751e8b465ee728b)
Start importing Assets/EvSeStudio/3D_Art/Environment using Guid(04564e53949b08448a73d1559eecbffa) Importer(815301076,1909f56bfc062723c751e8b465ee728b) (PreviewImporter) -> (artifact id: '381b03179559d4ce9a2983d5f9239f86') in 0.0005583 seconds
Number of updated asset objects reloaded before import = 0Number of asset objects unloaded after import = 0

========================================================================
Received Import Request.
  Time since last request: 0.602168 seconds.
  path: Assets/EvSeStudio/3D_Art/Environment/Bins_Vol_01
  artifactKey: Guid(dbd257c3f1273c44988a23526f1a1558) Importer(815301076,1909f56bfc062723c751e8b465ee728b)
Start importing Assets/EvSeStudio/3D_Art/Environment/Bins_Vol_01 using Guid(dbd257c3f1273c44988a23526f1a1558) Importer(815301076,1909f56bfc062723c751e8b465ee728b) (PreviewImporter) -> (artifact id: '57e5dce0564615d760c2e8f09644f66e') in 0.0005484 seconds
Number of updated asset objects reloaded before import = 0Number of asset objects unloaded after import = 0

========================================================================
Received Import Request.
  Time since last request: 0.487050 seconds.
  path: Assets/EvSeStudio/3D_Art/Environment/Bins_Vol_01/Plastic_Bin_01
  artifactKey: Guid(1ef6fba143a60134eb2368eca0b89acd) Importer(815301076,1909f56bfc062723c751e8b465ee728b)
Start importing Assets/EvSeStudio/3D_Art/Environment/Bins_Vol_01/Plastic_Bin_01 using Guid(1ef6fba143a60134eb2368eca0b89acd) Importer(815301076,1909f56bfc062723c751e8b465ee728b) (PreviewImporter) -> (artifact id: 'da52dcca140ad3a62ba54475b12efa59') in 0.0007267 seconds
Number of updated asset objects reloaded before import = 0Number of asset objects unloaded after import = 0

========================================================================
Received Import Request.
  Time since last request: 1.569399 seconds.
  path: Assets/EvSeStudio/3D_Art/Environment/Bins_Vol_01/Plastic_Bin_01/Meshes
  artifactKey: Guid(87e731b3d2fee704f89aadd89febf0f6) Importer(815301076,1909f56bfc062723c751e8b465ee728b)
Start importing Assets/EvSeStudio/3D_Art/Environment/Bins_Vol_01/Plastic_Bin_01/Meshes using Guid(87e731b3d2fee704f89aadd89febf0f6) Importer(815301076,1909f56bfc062723c751e8b465ee728b) (PreviewImporter) -> (artifact id: '06463577d7d60331cb9ad0dacdac38f1') in 0.0007219 seconds
Number of updated asset objects reloaded before import = 0Number of asset objects unloaded after import = 0

========================================================================
Received Import Request.
  Time since last request: 0.000024 seconds.
  path: Assets/EvSeStudio/3D_Art/Environment/Bins_Vol_01/Plastic_Bin_01/Meshes/SM_Plastic_Bin_01.fbx
  artifactKey: Guid(2d3a974ca99715d43a60bdf8030b62af) Importer(815301076,1909f56bfc062723c751e8b465ee728b)
Start importing Assets/EvSeStudio/3D_Art/Environment/Bins_Vol_01/Plastic_Bin_01/Meshes/SM_Plastic_Bin_01.fbx using Guid(2d3a974ca99715d43a60bdf8030b62af) Importer(815301076,1909f56bfc062723c751e8b465ee728b) (PreviewImporter) -> (artifact id: '52883d1007dcb0166b6a66979defafb2') in 3.0748416 seconds
Number of updated asset objects reloaded before import = 0Number of asset objects unloaded after import = 30

========================================================================
Received Import Request.
  Time since last request: 31.075169 seconds.
  path: Assets/Sergio Assets/Prefab
  artifactKey: Guid(cc701ce256f61d149977c9c253a33dbb) Importer(815301076,1909f56bfc062723c751e8b465ee728b)
Start importing Assets/Sergio Assets/Prefab using Guid(cc701ce256f61d149977c9c253a33dbb) Importer(815301076,1909f56bfc062723c751e8b465ee728b) (PreviewImporter) -> (artifact id: '4ccfb4c93d47ebc9c8fce0a16f686a87') in 0.0007043 seconds
Number of updated asset objects reloaded before import = 0Number of asset objects unloaded after import = 0

========================================================================
Received Import Request.
  Time since last request: 58.297033 seconds.
  path: Assets/Sergio Assets/Office Supplies Low Poly
  artifactKey: Guid(fd2100b0fef2fe74080c48d7f9070540) Importer(815301076,1909f56bfc062723c751e8b465ee728b)
Start importing Assets/Sergio Assets/Office Supplies Low Poly using Guid(fd2100b0fef2fe74080c48d7f9070540) Importer(815301076,1909f56bfc062723c751e8b465ee728b) (PreviewImporter) -> (artifact id: '0fdf67715e55ac8f370507fc424cf390') in 0.0006039 seconds
Number of updated asset objects reloaded before import = 0Number of asset objects unloaded after import = 0

========================================================================
Received Import Request.
  Time since last request: 1.125009 seconds.
  path: Assets/Sergio Assets/Office Supplies Low Poly/Assets
  artifactKey: Guid(3152bdf6a5b4d4e03aff4ca2983eaa80) Importer(815301076,1909f56bfc062723c751e8b465ee728b)
Start importing Assets/Sergio Assets/Office Supplies Low Poly/Assets using Guid(3152bdf6a5b4d4e03aff4ca2983eaa80) Importer(815301076,1909f56bfc062723c751e8b465ee728b) (PreviewImporter) -> (artifact id: '23d2401c8d5194901a0a34bbc0a27b68') in 0.0005666 seconds
Number of updated asset objects reloaded before import = 0Number of asset objects unloaded after import = 0

========================================================================
Received Import Request.
  Time since last request: 3.316425 seconds.
  path: Assets/Sergio Assets/Office Supplies Low Poly/Assets/Prefabs
  artifactKey: Guid(96f5c506aa64b4b2ca1f4a105186f19a) Importer(815301076,1909f56bfc062723c751e8b465ee728b)
Start importing Assets/Sergio Assets/Office Supplies Low Poly/Assets/Prefabs using Guid(96f5c506aa64b4b2ca1f4a105186f19a) Importer(815301076,1909f56bfc062723c751e8b465ee728b) (PreviewImporter) -> (artifact id: '35e9e9563ff06ed59dde904344ac4684') in 0.0007751 seconds
Number of updated asset objects reloaded before import = 0Number of asset objects unloaded after import = 0

========================================================================
Received Import Request.
  Time since last request: 0.026063 seconds.
  path: Assets/Sergio Assets/Office Supplies Low Poly/Assets/Prefabs/Calculator.prefab
  artifactKey: Guid(4bc48771517f84804bfe1e21d8bbdbe5) Importer(815301076,1909f56bfc062723c751e8b465ee728b)
Start importing Assets/Sergio Assets/Office Supplies Low Poly/Assets/Prefabs/Calculator.prefab using Guid(4bc48771517f84804bfe1e21d8bbdbe5) Importer(815301076,1909f56bfc062723c751e8b465ee728b) (PreviewImporter) -> (artifact id: '5f20f8681a94161eefb4c63ab7d303bc') in 0.0216207 seconds
Number of updated asset objects reloaded before import = 0Number of asset objects unloaded after import = 9

========================================================================
Received Import Request.
  Time since last request: 0.000047 seconds.
  path: Assets/Sergio Assets/Office Supplies Low Poly/Assets/Prefabs/Hole_punch.prefab
  artifactKey: Guid(8ed98682b80ff42ab98f07d7972ad00f) Importer(815301076,1909f56bfc062723c751e8b465ee728b)
Start importing Assets/Sergio Assets/Office Supplies Low Poly/Assets/Prefabs/Hole_punch.prefab using Guid(8ed98682b80ff42ab98f07d7972ad00f) Importer(815301076,1909f56bfc062723c751e8b465ee728b) (PreviewImporter) -> (artifact id: 'ea56c5e7dae4910a897145bfadb18021') in 0.0211337 seconds
Number of updated asset objects reloaded before import = 0Number of asset objects unloaded after import = 9

========================================================================
Received Import Request.
  Time since last request: 0.000037 seconds.
  path: Assets/Sergio Assets/Office Supplies Low Poly/Assets/Prefabs/Scissors_blue.prefab
  artifactKey: Guid(10d090d82c7a242b7878c8b0681d9f52) Importer(815301076,1909f56bfc062723c751e8b465ee728b)
Start importing Assets/Sergio Assets/Office Supplies Low Poly/Assets/Prefabs/Scissors_blue.prefab using Guid(10d090d82c7a242b7878c8b0681d9f52) Importer(815301076,1909f56bfc062723c751e8b465ee728b) (PreviewImporter) -> (artifact id: '0d5778a1833570703d1a679b5cd31084') in 0.0198658 seconds
Number of updated asset objects reloaded before import = 0Number of asset objects unloaded after import = 16

========================================================================
Received Import Request.
  Time since last request: 0.000045 seconds.
  path: Assets/Sergio Assets/Office Supplies Low Poly/Assets/Prefabs/Pen red.prefab
  artifactKey: Guid(3776143458c1e4611ab6519e2a3538a8) Importer(815301076,1909f56bfc062723c751e8b465ee728b)
Start importing Assets/Sergio Assets/Office Supplies Low Poly/Assets/Prefabs/Pen red.prefab using Guid(3776143458c1e4611ab6519e2a3538a8) Importer(815301076,1909f56bfc062723c751e8b465ee728b) (PreviewImporter) -> (artifact id: '8f88597fc1f3476327bd4aacb37a1e59') in 0.0169407 seconds
Number of updated asset objects reloaded before import = 0Number of asset objects unloaded after import = 16

========================================================================
Received Import Request.
  Time since last request: 0.000027 seconds.
  path: Assets/Sergio Assets/Office Supplies Low Poly/Assets/Prefabs/Sticky_note_red.prefab
  artifactKey: Guid(9390ad148e2dd4245ad2dc9d3629e319) Importer(815301076,1909f56bfc062723c751e8b465ee728b)
Start importing Assets/Sergio Assets/Office Supplies Low Poly/Assets/Prefabs/Sticky_note_red.prefab using Guid(9390ad148e2dd4245ad2dc9d3629e319) Importer(815301076,1909f56bfc062723c751e8b465ee728b) (PreviewImporter) -> (artifact id: '2bd9d10ca48ee11946828dba67dd00a5') in 0.018857 seconds
Number of updated asset objects reloaded before import = 0Number of asset objects unloaded after import = 9

========================================================================
Received Import Request.
  Time since last request: 0.000023 seconds.
  path: Assets/Sergio Assets/Office Supplies Low Poly/Assets/Prefabs/Sticky_note_blue.prefab
  artifactKey: Guid(ef6b5ec84fe6f416099333b23f6f201d) Importer(815301076,1909f56bfc062723c751e8b465ee728b)
Start importing Assets/Sergio Assets/Office Supplies Low Poly/Assets/Prefabs/Sticky_note_blue.prefab using Guid(ef6b5ec84fe6f416099333b23f6f201d) Importer(815301076,1909f56bfc062723c751e8b465ee728b) (PreviewImporter) -> (artifact id: '9261ede35940210493181430aee43440') in 0.0194976 seconds
Number of updated asset objects reloaded before import = 0Number of asset objects unloaded after import = 9

========================================================================
Received Import Request.
  Time since last request: 0.000026 seconds.
  path: Assets/Sergio Assets/Office Supplies Low Poly/Assets/Prefabs/Highlighter pen green.prefab
  artifactKey: Guid(01a9109d2ae204b34973b0a645f204e2) Importer(815301076,1909f56bfc062723c751e8b465ee728b)
Start importing Assets/Sergio Assets/Office Supplies Low Poly/Assets/Prefabs/Highlighter pen green.prefab using Guid(01a9109d2ae204b34973b0a645f204e2) Importer(815301076,1909f56bfc062723c751e8b465ee728b) (PreviewImporter) -> (artifact id: 'f40e79700165e2d5a259b8e3a1a77c6f') in 0.0182911 seconds
Number of updated asset objects reloaded before import = 0Number of asset objects unloaded after import = 16

========================================================================
Received Import Request.
  Time since last request: 0.000029 seconds.
  path: Assets/Sergio Assets/Office Supplies Low Poly/Assets/Prefabs/Pencil sharpener large.prefab
  artifactKey: Guid(9c0c4382708774729b07ab6af5f87162) Importer(815301076,1909f56bfc062723c751e8b465ee728b)
Start importing Assets/Sergio Assets/Office Supplies Low Poly/Assets/Prefabs/Pencil sharpener large.prefab using Guid(9c0c4382708774729b07ab6af5f87162) Importer(815301076,1909f56bfc062723c751e8b465ee728b) (PreviewImporter) -> (artifact id: 'fa39b6a1a3fbc3fb09bcf54247d78619') in 0.022699 seconds
Number of updated asset objects reloaded before import = 0Number of asset objects unloaded after import = 21

========================================================================
Received Import Request.
  Time since last request: 0.000045 seconds.
  path: Assets/Sergio Assets/Office Supplies Low Poly/Assets/Prefabs/Pencil red.prefab
  artifactKey: Guid(c9839eba1bd794ae68f9cfae147fd22d) Importer(815301076,1909f56bfc062723c751e8b465ee728b)
Start importing Assets/Sergio Assets/Office Supplies Low Poly/Assets/Prefabs/Pencil red.prefab using Guid(c9839eba1bd794ae68f9cfae147fd22d) Importer(815301076,1909f56bfc062723c751e8b465ee728b) (PreviewImporter) -> (artifact id: 'a5aecbf853ec8a3bbc4d0a6f2060304c') in 0.0189043 seconds
Number of updated asset objects reloaded before import = 0Number of asset objects unloaded after import = 9

========================================================================
Received Import Request.
  Time since last request: 0.000036 seconds.
  path: Assets/Sergio Assets/Office Supplies Low Poly/Assets/Prefabs/Scissors red.prefab
  artifactKey: Guid(4eda41d20c3564ad789494e2a0e9babb) Importer(815301076,1909f56bfc062723c751e8b465ee728b)
Start importing Assets/Sergio Assets/Office Supplies Low Poly/Assets/Prefabs/Scissors red.prefab using Guid(4eda41d20c3564ad789494e2a0e9babb) Importer(815301076,1909f56bfc062723c751e8b465ee728b) (PreviewImporter) -> (artifact id: 'fdf59c67adaa098edde66ba6bd53d6f7') in 0.0184436 seconds
Number of updated asset objects reloaded before import = 0Number of asset objects unloaded after import = 16

========================================================================
Received Import Request.
  Time since last request: 0.000023 seconds.
  path: Assets/Sergio Assets/Office Supplies Low Poly/Assets/Prefabs/Highlighter pen blue.prefab
  artifactKey: Guid(c023af939834e46cf86badfc7ff712d0) Importer(815301076,1909f56bfc062723c751e8b465ee728b)
Start importing Assets/Sergio Assets/Office Supplies Low Poly/Assets/Prefabs/Highlighter pen blue.prefab using Guid(c023af939834e46cf86badfc7ff712d0) Importer(815301076,1909f56bfc062723c751e8b465ee728b) (PreviewImporter) -> (artifact id: 'f34aa5bd4628c8fcf685b891a7d96510') in 0.0208993 seconds
Number of updated asset objects reloaded before import = 0Number of asset objects unloaded after import = 16

========================================================================
Received Import Request.
  Time since last request: 0.000025 seconds.
  path: Assets/Sergio Assets/Office Supplies Low Poly/Assets/Prefabs/Pencil blue.prefab
  artifactKey: Guid(9d603110bebfd4657bc65bc0333c01b2) Importer(815301076,1909f56bfc062723c751e8b465ee728b)
Start importing Assets/Sergio Assets/Office Supplies Low Poly/Assets/Prefabs/Pencil blue.prefab using Guid(9d603110bebfd4657bc65bc0333c01b2) Importer(815301076,1909f56bfc062723c751e8b465ee728b) (PreviewImporter) -> (artifact id: '917deecbd343607dd494c956d0ef1b62') in 0.0210902 seconds
Number of updated asset objects reloaded before import = 0Number of asset objects unloaded after import = 9

========================================================================
Received Import Request.
  Time since last request: 0.000027 seconds.
  path: Assets/Sergio Assets/Office Supplies Low Poly/Assets/Prefabs/Stapler_blue.prefab
  artifactKey: Guid(dcf95e79ad6374967a2db77e1bd6f67a) Importer(815301076,1909f56bfc062723c751e8b465ee728b)
Start importing Assets/Sergio Assets/Office Supplies Low Poly/Assets/Prefabs/Stapler_blue.prefab using Guid(dcf95e79ad6374967a2db77e1bd6f67a) Importer(815301076,1909f56bfc062723c751e8b465ee728b) (PreviewImporter) -> (artifact id: '0abf5153605d60284b14ac8982e2a273') in 0.0206327 seconds
Number of updated asset objects reloaded before import = 0Number of asset objects unloaded after import = 9

========================================================================
Received Import Request.
  Time since last request: 0.000023 seconds.
  path: Assets/Sergio Assets/Office Supplies Low Poly/Assets/Prefabs/Tape dispenser.prefab
  artifactKey: Guid(99d4c8645da7e43e8ac08906d7ec2948) Importer(815301076,1909f56bfc062723c751e8b465ee728b)
Start importing Assets/Sergio Assets/Office Supplies Low Poly/Assets/Prefabs/Tape dispenser.prefab using Guid(99d4c8645da7e43e8ac08906d7ec2948) Importer(815301076,1909f56bfc062723c751e8b465ee728b) (PreviewImporter) -> (artifact id: 'b2e80a4f320958ad38e3d7eb195e1c8b') in 0.0202032 seconds
Number of updated asset objects reloaded before import = 0Number of asset objects unloaded after import = 16

========================================================================
Received Import Request.
  Time since last request: 0.000035 seconds.
  path: Assets/Sergio Assets/Office Supplies Low Poly/Assets/Prefabs/Scissors yellow.prefab
  artifactKey: Guid(4fa2ca3d6de804971ba571eeeb10e2af) Importer(815301076,1909f56bfc062723c751e8b465ee728b)
Start importing Assets/Sergio Assets/Office Supplies Low Poly/Assets/Prefabs/Scissors yellow.prefab using Guid(4fa2ca3d6de804971ba571eeeb10e2af) Importer(815301076,1909f56bfc062723c751e8b465ee728b) (PreviewImporter) -> (artifact id: '0eccac960d650f3c22b1e828d944b1db') in 0.0211605 seconds
Number of updated asset objects reloaded before import = 0Number of asset objects unloaded after import = 16

========================================================================
Received Import Request.
  Time since last request: 0.000033 seconds.
  path: Assets/Sergio Assets/Office Supplies Low Poly/Assets/Prefabs/Stapler_red.prefab
  artifactKey: Guid(4f79713dbf78d4b868f908ddef942c1a) Importer(815301076,1909f56bfc062723c751e8b465ee728b)
Start importing Assets/Sergio Assets/Office Supplies Low Poly/Assets/Prefabs/Stapler_red.prefab using Guid(4f79713dbf78d4b868f908ddef942c1a) Importer(815301076,1909f56bfc062723c751e8b465ee728b) (PreviewImporter) -> (artifact id: '42b1f14983f3608f5d6944ae85052aa8') in 0.0213148 seconds
Number of updated asset objects reloaded before import = 0Number of asset objects unloaded after import = 9

========================================================================
Received Import Request.
  Time since last request: 0.000022 seconds.
  path: Assets/Sergio Assets/Office Supplies Low Poly/Assets/Prefabs/Pen green.prefab
  artifactKey: Guid(9df42cb7f53414f2fb812616ffe019e4) Importer(815301076,1909f56bfc062723c751e8b465ee728b)
Start importing Assets/Sergio Assets/Office Supplies Low Poly/Assets/Prefabs/Pen green.prefab using Guid(9df42cb7f53414f2fb812616ffe019e4) Importer(815301076,1909f56bfc062723c751e8b465ee728b) (PreviewImporter) -> (artifact id: '8a533d3d5e20a9657b6dd3e7549b202b') in 0.0193482 seconds
Number of updated asset objects reloaded before import = 0Number of asset objects unloaded after import = 16

========================================================================
Received Import Request.
  Time since last request: 0.000024 seconds.
  path: Assets/Sergio Assets/Office Supplies Low Poly/Assets/Prefabs/Sticky_note_yellow.prefab
  artifactKey: Guid(7b826cb88be1748c79a6a04afd305729) Importer(815301076,1909f56bfc062723c751e8b465ee728b)
Start importing Assets/Sergio Assets/Office Supplies Low Poly/Assets/Prefabs/Sticky_note_yellow.prefab using Guid(7b826cb88be1748c79a6a04afd305729) Importer(815301076,1909f56bfc062723c751e8b465ee728b) (PreviewImporter) -> (artifact id: '5b0229cdc0cb05c536f6ac5e8b55b286') in 0.0233054 seconds
Number of updated asset objects reloaded before import = 0Number of asset objects unloaded after import = 9

========================================================================
Received Import Request.
  Time since last request: 0.000024 seconds.
  path: Assets/Sergio Assets/Office Supplies Low Poly/Assets/Prefabs/Highlighter pen yellow.prefab
  artifactKey: Guid(8a6bf0c92a7154d62bb76dc5e101e0de) Importer(815301076,1909f56bfc062723c751e8b465ee728b)
Start importing Assets/Sergio Assets/Office Supplies Low Poly/Assets/Prefabs/Highlighter pen yellow.prefab using Guid(8a6bf0c92a7154d62bb76dc5e101e0de) Importer(815301076,1909f56bfc062723c751e8b465ee728b) (PreviewImporter) -> (artifact id: 'a19acc1974d1f112472b228c3dcfc924') in 0.0181309 seconds
Number of updated asset objects reloaded before import = 0Number of asset objects unloaded after import = 16

========================================================================
Received Import Request.
  Time since last request: 0.000023 seconds.
  path: Assets/Sergio Assets/Office Supplies Low Poly/Assets/Prefabs/Stapler_black.prefab
  artifactKey: Guid(ce9628987a2d9417ab8fef64fa34b9a0) Importer(815301076,1909f56bfc062723c751e8b465ee728b)
Start importing Assets/Sergio Assets/Office Supplies Low Poly/Assets/Prefabs/Stapler_black.prefab using Guid(ce9628987a2d9417ab8fef64fa34b9a0) Importer(815301076,1909f56bfc062723c751e8b465ee728b) (PreviewImporter) -> (artifact id: 'ae4af31a18e4f1a69570d17bc5ef0e5c') in 0.0022748 seconds
Number of updated asset objects reloaded before import = 0Number of asset objects unloaded after import = 6

Editor requested this worker to shutdown with reason: Scaling down because of idle timeout
AssetImportWorker is now disconnected from the server
Process exiting
Exiting without the bug reporter. Application will terminate with return code 0